At	1
vero	1
eos	1
et	1
accusamus	1
et	1
iusto	1
odio	1
dignissimos	1
ducimus	1
qui	1
blanditiis	1
praesentium	1
voluptatum	1
deleniti	1
atque	1
corrupti	1
quos	1
dolores	1
et	1
quas	1
molestias	1
excepturi	1
sint	1
occaecati	1
cupiditate	1
non	1
provident	1
similique	1
sunt	1
in	1
culpa	1
qui	1
officia	1
deserunt	1
mollitia	1
animi	1
id	1
est	1
laborum	1
et	1
dolorum	1
fuga	1
Et	1
harum	1
quidem	1
rerum	1
facilis	1
est	1
et	1
expedita	1
distinctio	1
Nam	1
libero	1
tempore	1
cum	1
soluta	1
nobis	1
est	1
eligendi	1
optio	1
cumque	1
nihil	1
impedit	1
quo	1
minus	1
id	1
quod	1
maxime	1
placeat	1
facere	1
possimus	1
omnis	1
voluptas	1
assumenda	1
est	1
omnis	1
dolor	1
repellendus	1
Temporibus	1
autem	1
quibusdam	1
et	1
aut	1
officiis	1
debitis	1
aut	1
rerum	1
necessitatibus	1
saepe	1
eveniet	1
ut	1
et	1
voluptates	1
repudiandae	1
sint	1
et	1
molestiae	1
non	1
recusandae	1
Itaque	1
earum	1
rerum	1
hic	1
tenetur	1
a	1
sapiente	1
delectus	1
ut	1
aut	1
reiciendis	1
voluptatibus	1
maiores	1
alias	1
consequatur	1
aut	1
perferendis	1
doloribus	1
asperiores	1
repellat	1
