Sed	1
ut	1
perspiciatis	1
unde	1
omnis	1
iste	1
natus	1
error	1
sit	1
voluptatem	1
accusantium	1
doloremque	1
laudantium	1
totam	1
rem	1
aperiam	1
eaque	1
ipsa	1
quae	1
ab	1
illo	1
inventore	1
veritatis	1
et	1
quasi	1
architecto	1
beatae	1
vitae	1
dicta	1
sunt	1
explicabo	1
Nemo	1
enim	1
ipsam	1
voluptatem	1
quia	1
voluptas	1
sit	1
aspernatur	1
aut	1
odit	1
aut	1
fugit	1
sed	1
quia	1
consequuntur	1
magni	1
dolores	1
eos	1
qui	1
ratione	1
voluptatem	1
sequi	1
nesciunt	1
Neque	1
porro	1
quisquam	1
est	1
qui	1
dolorem	1
ipsum	1
quia	1
dolor	1
sit	1
amet	1
consectetur	1
adipisci	1
velit	1
sed	1
quia	1
non	1
numquam	1
eius	1
modi	1
tempora	1
incidunt	1
ut	1
labore	1
et	1
dolore	1
magnam	1
aliquam	1
quaerat	1
voluptatem	1
Ut	1
enim	1
ad	1
minima	1
veniam	1
quis	1
nostrum	1
exercitationem	1
ullam	1
corporis	1
suscipit	1
laboriosam	1
nisi	1
ut	1
aliquid	1
ex	1
ea	1
commodi	1
consequatur	1
Quis	1
autem	1
vel	1
eum	1
iure	1
reprehenderit	1
qui	1
in	1
ea	1
voluptate	1
velit	1
esse	1
quam	1
nihil	1
molestiae	1
consequatur	1
vel	1
illum	1
qui	1
dolorem	1
eum	1
fugiat	1
quo	1
voluptas	1
nulla	1
pariatur	1
